[elcomercio.pe/videos/pais/hombre-sufrio-robo-de-mas-de-3-mil-soles-bajo-nueva-modalidad-de-estafa-videos-nnav-amtv-pais-noticia/index.html]
[backblue.gif]
[fade.gif]
[index.html]
[cdna.elcomercio.pe/resources/dist/elcomercio/images/favicon2d2b.png]
[elcomercio.pe/videos/pais/hombre-sufrio-robo-de-mas-de-3-mil-soles-bajo-nueva-modalidad-de-estafa-videos-nnav-amtv-pais-noticia/index3f62.html]
[cdna.elcomercio.pe/resources/dist/elcomercio/images/apple-touch-icon2d2b.png]
[cdna.elcomercio.pe/resources/dist/elcomercio/images/apple-touch-icon-76x762d2b.png]
[cdna.elcomercio.pe/resources/dist/elcomercio/images/apple-touch-icon-120x1202d2b.png]
[cdna.elcomercio.pe/resources/dist/elcomercio/images/apple-touch-icon-144x1442d2b.png]
[cdna.elcomercio.pe/resources/dist/elcomercio/images/apple-touch-icon-152x1522d2b.png]
[cdna.elcomercio.pe/resources/dist/elcomercio/images/apple-touch-icon-180x1802d2b.png]
[elcomercio.pe/resizer/1sbXNSQBJ_v9xIUlI6nTCuXroZs=/1200x900/smart/filters_format(jpeg)_quality(75)/dvgnzpfv30f28.cloudfron/t_4dacf9c348b94f4e87fa0]
[cdn.taboola.com/libtrc/grupoelcomercio-elcomercio/loader.js]
[elcomercio.pe/resizer/vtXSq3B8JvNxo6cm0rrS26SWGmA=/280x159/smart/filters_format(jpeg)_quality(75)/dvgnzpfv30f28.cloudfront/t_4dacf9c348b94f4e87fa0]
[static.chartbeat.com/js/chartbeat.js]
[d1r08wok4169a5.cloudfront.net/ads/ec/arcads72ee.js]
[static.chartbeat.com/js/chartbeat_mab.js]
[elcomercio.pe/pf/dist/engine/reactcc05.js]
[elcomercio.pe/pf/dist/components/combinations/defaultcc05.js]
[arc-subs-sdk.s3.amazonaws.com/prod/sdk-identity.min9cd5.js]
[elcomercio-elcomercio-prod.cdn.arcpublishing.com/arc/subs/p.min72ee.js]
[elcomercio.pe/videos/pais/hombre-sufrio-robo-de-mas-de-3-mil-soles-bajo-nueva-modalidad-de-estafa-videos-nnav-amtv-pais-noticia/ak.html]
[cdna.elcomercio.pe/resources/dist/elcomercio/images/logo2d2b.png]
[cdna.elcomercio.pe/resources/dist/elcomercio/images/default-md87dd.png]
[elcomercio.pe/pf/dist/template/elcomercio-noticia-video/defaultcc05.js]
[cdna.elcomercio.pe/resources/assets/js/lazyload2d2b.js]
[elcomercio.pe/resizer/4JdNtjTMJnVA2KYbWIIXx-voQIU=/314x0/smart/filters_format(jpeg)_quality(75)/cdn.jwplayer.com/v2/media/mAK2Bip/poster.15.delaye]
[d1r08wok4169a5.cloudfront.net/gpt-adtmp/gpt-adtmp72ee.js]
[elcomercio.pe/resizer/QptRu_LmokzkO6tTlawlhWGloV0=/314x0/smart/filters_format(jpeg)_quality(75)/cdn.jwplayer.com/v2/media/vDElLbS/poster.16.delaye]
[elcomercio.pe/resizer/q9nGvKA2FmKiXQQEsNulSBViV4A=/314x0/smart/filters_format(jpeg)_quality(75)/cdn.jwplayer.com/v2/media/YJN2iCW/poster.17.delaye]
[elcomercio.pe/pf/resources/assets/js/powaSettings.mincc05.js]
[elcomercio.pe/resizer/8dmBZwNypvMBDikOAM1nmbS1wHs=/314x0/smart/filters_format(jpeg)_quality(75)/cdn.jwplayer.com/v2/media/dHh4m0g/poster.18.delaye]
[d1tqo5nrys2b20.cloudfront.net/prod/powaBoot8c7e.js]
[elcomercio.pe/resizer/7SIK5rhndfA_oUVzMdBazaaqlXo=/314x0/smart/filters_format(jpeg)_quality(75)/cdn.jwplayer.com/v2/media/zbLey93/poster.19.delaye]
[elcomercio.pe/resizer/tKrVoKha8YHAxbF5P8nUoasAUdk=/314x0/smart/filters_format(jpeg)_quality(75)/cdn.jwplayer.com/v2/media/wY01zV7/poster.1a.delaye]
[elcomercio.pe/resizer/T2cVio2dn9h3WaPyt2EevSYfzWA=/314x0/smart/filters_format(jpeg)_quality(75)/cdn.jwplayer.com/v2/media/zcD2mNy/poster.1b.delaye]
[sb.scorecardresearch.com/internal-c2/plugins/streamingtag_plugin_jwplayer.js]
[elcomercio.pe/resizer/r68JeFsvm617TgTYLAB23TlOoXI=/314x0/smart/filters_format(jpeg)_quality(75)/cdn.jwplayer.com/v2/media/uyw4Qsr/poster.1c.delaye]
[elcomercio.pe/pf/resources/assets/lite-youtube/lite-youtube.mincc05.js]
[cdnc.elcomercio.pe/dist/elcomercio/css/story-videocc05.css]
[elcomercio.pe/videos/pais/hombre-sufrio-robo-de-mas-de-3-mil-soles-bajo-nueva-modalidad-de-estafa-videos-nnav-amtv-pais-noticia/index.html]
[elcomercio.pe/videos/pais/hombre-sufrio-robo-de-mas-de-3-mil-soles-bajo-n/Trident/index.html]
[cdn.ampproject.org/v0.js]
[cdna.elcomercio.pe/resources/dist/elcomercio/images/arrow-right-2.png]
[cdn.ampproject.org/v0/amp-analytics-0.1.js]
[cdn.ampproject.org/v0/amp-social-share-0.1.js]
[cdn.ampproject.org/v0/amp-sticky-ad-1.0.js]
[cdn.ampproject.org/v0/amp-ad-0.1.js]
[cdn.ampproject.org/v0/amp-sidebar-0.1.js]
[cdn.ampproject.org/v0/amp-video-docking-0.1.js]
[cdn.ampproject.org/v0/amp-jwplayer-0.1.js]
[cdn.ampproject.org/v0/amp-bind-0.1.js]
[cdn.ampproject.org/v0/amp-fit-text-0.1.js]
[cdna.elcomercio.pe/resources/dist/elcomercio/images/logo-amp2d2b.png]
[assets-jpcust.jwpsrv.com/thumbnails/g2hpqtdd-720.jpg]
[assets-jpcust.jwpsrv.com/thumbnails/3kzt4x9s-720.jpg]
[dvgnzpfv30f28.cloudfront.net/11-23-2020/t_c3c438aa55e647d99f4731d5b8b155e8_name_file_640x360_600_v3_.jpg]
[dvgnzpfv30f28.cloudfront.net/11-22-2020/t_6c17fed8aca143dbb6ee708eb917ca0f_name_file_640x360_600_v3_.jpg]
[elcomercio.pe/videos/pais/hombre-sufrio-robo-de-mas-de-3-mil-soles-bajo-nueva-modalidad-de-estafa-videos-nnav-amtv-pais-noticia/index3f62.html]
[elcomercio.pe/resizer/3sWOxPBz7Lo4kQN_bXPgVmGhEiw=/314x157/smart/filters_format(jpeg)_quality(75)/cloudfront-us-east-1.ima/HNC775PHJVDZ7C64YSWVPGL]
[static.chartbeat.com/js/chartbeat.js]
[static.chartbeat.com/js/inpage.js]
[elcomercio.pe/resizer/RsamVlQtqtv6LYMMdCnZlY9iEm0=/314x157/smart/filters_format(jpeg)_quality(75)/cloudfront-us-east-1.ima/JIIWA5MXKJE5JF2AYR42RZE]
[elcomercio.pe/resizer/rs8lfDHUtSnkboOTAKZOzsSQLeA=/314x157/smart/filters_format(jpeg)_quality(75)/cloudfront-us-east-1.ima/TDK3TL4V3VH7JKFLVU5LAJE]
[elcomercio.pe/resizer/ewYfcCE0PkTHjD5hwF5FQ0RV7YM=/314x157/smart/filters_format(jpeg)_quality(75)/cloudfront-us-east-1.ima/A4WEOYJGWZDMZP4YTCRSLLE]
[static.chartbeat.com/js/chartbeat_mab.js]
[www.googletagmanager.com/gtm5445.html]
[elcomercio.pe/videos/pais/hombre-sufrio-robo-de-mas-de-3-mil-soles-bajo-nueva-modalidad-de-estafa-videos-nnav-amtv-pais-noticia/ak.html]
[elcomercio.pe/videos/pais/hombre-sufrio-robo-de-mas-de-3-mil-soles-bajo-nueva-modalidad-de-estafa-videos-nnav-amtv-pais-noticia/GET/index.html]
[elcomercio.pe/videos/pais/hombre-sufrio-robo-de-mas-de-3-mil-soles-bajo-nueva-modalidad-de-estafa-videos-nnav-amtv-pais-noticia/ak.m/index.html]
[elcomercio.pe/resizer/hoL0b0PBOT1zpxp5NjUSd0hR4s4=/314x157/smart/filters_format(jpeg)_quality(75)/cloudfront-us-east-1.ima/3CCP4YSF2JGZRN3IDGT3M6Z]
[elcomercio.pe/resizer/1oRBR2IG61HzMU4xpcRPbTsxN3A=/314x157/smart/filters_format(jpeg)_quality(75)/cloudfront-us-east-1.ima/W3ZQL4VPDJCNDFRNJAFA25N]
[elcomercio.pe/videos/pais/hombre-sufrio-robo-de-mas-de-3-mil-soles-bajo-n/Trident/index.html]
[cdnc.elcomercio.pe/dist/elcomercio/css/story-videocc05.css]
[elcomercio.pe/videos/pais/hombre-sufrio-robo-de-mas-de-3-mil-soles-bajo-nueva-modalidad-de-estafa-videos-nnav-amtv-pais-noticia/Trident/ak.html]
[elcomercio.pe/videos/pais/hombre-sufrio-robo-de-mas-de-3-mil-soles-bajo-n/Trident/Trident/index.html]
[static2.chartbeat.com/js/mab-inpagedev.js]
[static.chartbeat.com/js/inpage.js]
[elcomercio.pe/videos/pais/hombre-sufrio-robo-de-mas-de-3-mil-soles-bajo-nueva-modalidad-de-estafa-videos-nnav-amtv-pais-noticia/GET/index.html]
[elcomercio.pe/videos/pais/hombre-sufrio-robo-de-mas-de-3-mil-soles-bajo-nueva-modalidad-de-estafa-videos-nnav-amtv-pais-noticia/GET/ak.html]
[elcomercio.pe/videos/pais/hombre-sufrio-robo-de-mas-de-3-mil-soles-bajo-n/GET/Trident/index.html]
[elcomercio.pe/videos/pais/hombre-sufrio-robo-de-mas-de-3-mil-soles-bajo-nueva-modalidad-de-estafa-videos-nnav-amtv-pais-noticia/ak.m/index.html]
[elcomercio.pe/videos/pais/hombre-sufrio-robo-de-mas-de-3-mil-soles-bajo-nueva-modalidad-de-estafa-videos-nnav-amtv-pais-noticia/ak.m/ak.html]
[elcomercio.pe/videos/pais/hombre-sufrio-robo-de-mas-de-3-mil-soles-bajo-nueva-modalidad-de-estafa-videos-nnav-amtv-pais-noticia/Trident/ak.html]
[elcomercio.pe/videos/pais/hombre-sufrio-robo-de-mas-de-3-mil-soles-bajo-n/ak.m/Trident/index.html]
[elcomercio.pe/videos/pais/hombre-sufrio-robo-de-mas-de-3-mil-soles-bajo-n/Trident/ak.m/index.html]
[elcomercio.pe/videos/pais/hombre-sufrio-robo-de-mas-de-3-mil-soles-bajo-n/Trident/Trident/index.html]
[static.chartbeat.com/js/inpage.html]
[elcomercio.pe/videos/pais/hombre-sufrio-robo-de-mas-de-3-mil-soles-bajo-nueva-modalidad-de-estafa-videos-nnav-amtv-pais-noticia/GET/ak.html]
[elcomercio.pe/videos/pais/hombre-sufrio-robo-de-mas-de-3-mil-soles-bajo-n/Trident/Trident/ak.html]
[elcomercio.pe/videos/pais/hombre-sufrio-robo-de-mas-de-3-mil-soles-bajo-n/Trident/Trident/Trident/index.html]
[elcomercio.pe/videos/pais/hombre-sufrio-robo-de-mas-de-3-mil-soles-bajo-n/GET/Trident/index.html]
[elcomercio.pe/videos/pais/hombre-sufrio-robo-de-mas-de-3-mil-soles-bajo-nueva-modalidad-de-estafa-videos-nnav-amtv-pais-noticia/ak.m/ak.html]
[elcomercio.pe/videos/pais/hombre-sufrio-robo-de-mas-de-3-mil-soles-bajo-n/GET/Trident/ak.html]
[elcomercio.pe/videos/pais/hombre-sufrio-robo-de-mas-de-3-mil-soles-bajo-n/GET/ak.m/index.html]
[elcomercio.pe/videos/pais/hombre-sufrio-robo-de-mas-de-3-mil-soles-bajo-n/GET/Trident/Trident/index.html]
[elcomercio.pe/videos/pais/hombre-sufrio-robo-de-mas-de-3-mil-soles-bajo-n/ak.m/ak.m/index.html]
[elcomercio.pe/videos/pais/hombre-sufrio-robo-de-mas-de-3-mil-soles-bajo-n/ak.m/Trident/index.html]
[elcomercio.pe/videos/pais/hombre-sufrio-robo-de-mas-de-3-mil-soles-bajo-n/ak.m/Trident/ak.html]
[elcomercio.pe/videos/pais/hombre-sufrio-robo-de-mas-de-3-mil-soles-bajo-n/ak.m/Trident/Trident/index.html]
[elcomercio.pe/videos/pais/hombre-sufrio-robo-de-mas-de-3-mil-soles-bajo-n/Trident/ak.m/index.html]
[elcomercio.pe/videos/pais/hombre-sufrio-robo-de-mas-de-3-mil-soles-bajo-n/Trident/ak.m/ak.html]
[elcomercio.pe/videos/pais/hombre-sufrio-robo-de-mas-de-3-mil-soles-bajo-n/Trident/Trident/ak.html]
[elcomercio.pe/videos/pais/hombre-sufrio-robo-de-mas-de-3-mil-soles-bajo-n/Trident/ak.m/Trident/index.html]
[elcomercio.pe/videos/pais/hombre-sufrio-robo-de-mas-de-3-mil-soles-bajo-n/Trident/Trident/Trident/index.html]
[elcomercio.pe/videos/pais/hombre-sufrio-robo-de-mas-de-3-mil-soles-bajo-n/Trident/Trident/Trident/ak.html]
[elcomercio.pe/videos/pais/hombre-sufrio-robo-de-mas-de-3-mil-soles-bajo-n/Trident/Trident/ak.m/index.html]
[elcomercio.pe/videos/pais/hombre-sufrio-robo-de-mas-de-3-mil-soles-bajo-n/GET/ak.m/index.html]
[elcomercio.pe/videos/pais/hombre-sufrio-robo-de-mas-de-3-mil-soles-bajo-n/GET/Trident/ak.html]
[elcomercio.pe/videos/pais/hombre-sufrio-robo-de-mas-de-3-mil-soles-bajo-nueva-modalidad-de-estafa-videos-nnav-amtv-pais-noticia/GET/ak.m/ak.html]
[elcomercio.pe/videos/pais/hombre-sufrio-robo-de-mas-de-3-mil-soles-bajo-n/Trident/Trident/Trident/Trident/index.html]
[elcomercio.pe/videos/pais/hombre-sufrio-robo-de-mas-de-3-mil-soles-bajo-n/GET/ak.m/Trident/index.html]
[elcomercio.pe/videos/pais/hombre-sufrio-robo-de-mas-de-3-mil-soles-bajo-n/GET/Trident/ak.m/index.html]
[elcomercio.pe/videos/pais/hombre-sufrio-robo-de-mas-de-3-mil-soles-bajo-n/GET/Trident/Trident/index.html]
[elcomercio.pe/videos/pais/hombre-sufrio-robo-de-mas-de-3-mil-soles-bajo-n/GET/Trident/Trident/ak.html]
[elcomercio.pe/videos/pais/hombre-sufrio-robo-de-mas-de-3-mil-soles-bajo-n/ak.m/ak.m/index.html]
[elcomercio.pe/videos/pais/hombre-sufrio-robo-de-mas-de-3-mil-soles-bajo-n/ak.m/Trident/ak.html]
[elcomercio.pe/videos/pais/hombre-sufrio-robo-de-mas-de-3-mil-soles-bajo-nueva-modalidad-de-estafa-videos-nnav-amtv-pais-noticia/ak.m/ak.m/ak.html]
[elcomercio.pe/videos/pais/hombre-sufrio-robo-de-mas-de-3-mil-soles-bajo-n/GET/Trident/Trident/Trident/index.html]
[elcomercio.pe/videos/pais/hombre-sufrio-robo-de-mas-de-3-mil-soles-bajo-n/ak.m/Trident/ak.m/index.html]
[elcomercio.pe/videos/pais/hombre-sufrio-robo-de-mas-de-3-mil-soles-bajo-n/ak.m/ak.m/Trident/index.html]
